            --------------------------------------------------------
                             AMBER SQM VERSION 19
 
                                     By
              Ross C. Walker, Michael F. Crowley, Scott Brozell,
                         Tim Giese, Andreas W. Goetz,
                        Tai-Sung Lee and David A. Case
 
            --------------------------------------------------------
 

--------------------------------------------------------------------------------
  QM CALCULATION INFO
--------------------------------------------------------------------------------

| QMMM: Citation for AMBER QMMM Run:
| QMMM: R.C. Walker, M.F. Crowley and D.A. Case, J. COMP. CHEM. 29:1019, 2008

QMMM: SINGLET STATE CALCULATION
QMMM: RHF CALCULATION, NO. OF DOUBLY OCCUPIED LEVELS = 13

| QMMM: *** Selected Hamiltonian *** 
| QMMM: AM1         

| QMMM: *** Parameter sets in use ***
| QMMM: C : M.J.S.DEWAR et al. JACS, 107, 3902, (1985)
| QMMM: O : M.J.S.DEWAR et al. JACS, 107, 3902, (1985)
| QMMM: H : M.J.S.DEWAR et al. JACS, 107, 3902, (1985)

| QMMM: *** SCF convergence criteria ***
| QMMM: Energy change                :  0.1D-09 kcal/mol
| QMMM: Error matrix |FP-PF|         :  0.1D+00 au
| QMMM: Density matrix change        :  0.5D-06
| QMMM: Maximum number of SCF cycles :     1000

| QMMM: *** Diagonalization Routine Information ***
| QMMM: Pseudo diagonalizations are allowed.
| QMMM: Auto diagonalization routine selection is in use.
| QMMM:
| QMMM: Timing diagonalization routines:
| QMMM:                              norbs =       24
| QMMM:    diag iterations used for timing =       20
| QMMM:
| QMMM:              Internal diag routine = 0.000843 seconds
| QMMM:                 Dspev diag routine = 0.001400 seconds
| QMMM:                Dspevd diag routine = 0.000709 seconds
| QMMM:                Dspevx diag routine = 0.002950 seconds
| QMMM:                 Dsyev diag routine = 0.000746 seconds
| QMMM:                Dsyevd diag routine = 0.000570 seconds
| QMMM:                Dsyevr diag routine = 0.001975 seconds
| QMMM:
| QMMM:                Pseudo diag routine = 0.000113 seconds
| QMMM:
| QMMM: Using dsyevd routine (diag_routine=6).

  QMMM: QM Region Cartesian Coordinates (*=link atom) 
  QMMM: QM_NO.   MM_NO.  ATOM         X         Y         Z
  QMMM:     1        1      C        1.0200    0.0580    0.0800
  QMMM:     2        2      C        2.5370    0.0750    0.0550
  QMMM:     3        3      C        3.0710    0.8480   -1.1430
  QMMM:     4        4      O        4.4920    0.8400   -1.1290
  QMMM:     5        5      H        0.6590   -0.5020    0.9480
  QMMM:     6        6      H        0.6190   -0.4160   -0.8220
  QMMM:     7        7      H        0.6180    1.0750    0.1410
  QMMM:     8        8      H        2.9220   -0.9510    0.0320
  QMMM:     9        9      H        2.9190    0.5200    0.9820
  QMMM:    10       10      H        2.7300    1.8880   -1.1310
  QMMM:    11       11      H        2.7400    0.3900   -2.0800
  QMMM:    12       12      H        4.7790    1.2710   -0.3060

--------------------------------------------------------------------------------
  RESULTS
--------------------------------------------------------------------------------

      iter         sqm energy              rms gradient
      ----    -------------------    -----------------------
xmin    10      -71.2081 kcal/mol        0.1795 kcal/(mol*A)
xmin    20      -71.2116 kcal/mol        0.0927 kcal/(mol*A)
xmin    30      -71.2131 kcal/mol        0.0519 kcal/(mol*A)
xmin    40      -71.2138 kcal/mol        0.0319 kcal/(mol*A)
xmin    50      -71.2142 kcal/mol        0.0251 kcal/(mol*A)
xmin    60      -71.2144 kcal/mol        0.0138 kcal/(mol*A)
xmin    70      -71.2145 kcal/mol        0.0092 kcal/(mol*A)
xmin    80      -71.2145 kcal/mol        0.0019 kcal/(mol*A)
xmin    90      -71.2146 kcal/mol        0.0030 kcal/(mol*A)
xmin    90      -71.2146 kcal/mol        0.0005 kcal/(mol*A)
  ... geometry converged !
 
 Final MO eigenvalues (eV):
 -38.4178  -33.9585  -26.6646  -22.4647  -18.1044  -16.2062  -15.4081  -14.7180
 -13.5070  -12.7844  -12.3245  -11.5952  -10.9502    3.5952    3.6537    3.8642
   4.1750    4.2704    4.5536    4.6779    4.8073    4.8959    5.0403    6.3170


 Heat of formation   =        -71.21455094 kcal/mol  (       -3.08809466 eV)

 Total SCF energy    =     -18810.73368234 kcal/mol  (     -815.69462219 eV)
 Electronic energy   =     -60361.06060783 kcal/mol  (    -2617.45200155 eV)
 Core-core repulsion =      41550.32692549 kcal/mol  (     1801.75737936 eV)
 
    Atomic Charges for Step       1 :
  Atom    Element       Mulliken Charge
     1      C                 -0.209
     2      C                 -0.199
     3      C                 -0.024
     4      O                 -0.326
     5      H                  0.077
     6      H                  0.076
     7      H                  0.073
     8      H                  0.094
     9      H                  0.077
    10      H                  0.062
    11      H                  0.105
    12      H                  0.195
 Total Mulliken Charge =       0.000
 
                  X        Y        Z     TOTAL  
  QM DIPOLE    -1.110    0.373    1.215    1.688
 
 Final Structure

  QMMM: QM Region Cartesian Coordinates (*=link atom) 
  QMMM: QM_NO.   MM_NO.  ATOM         X         Y         Z
  QMMM:     1        1      C        1.0277    0.0519    0.0698
  QMMM:     2        2      C        2.5323    0.0903    0.0756
  QMMM:     3        3      C        3.0663    0.8655   -1.1167
  QMMM:     4        4      O        4.4795    0.8373   -1.1752
  QMMM:     5        5      H        0.6512   -0.5159    0.9546
  QMMM:     6        6      H        0.6497   -0.4467   -0.8556
  QMMM:     7        7      H        0.6054    1.0853    0.1083
  QMMM:     8        8      H        2.9450   -0.9523    0.0495
  QMMM:     9        9      H        2.8989    0.5667    1.0230
  QMMM:    10       10      H        2.7049    1.9288   -1.0843
  QMMM:    11       11      H        2.7371    0.3944   -2.0819
  QMMM:    12       12      H        4.8080    1.1907   -0.3402

           --------- Calculation Completed ----------

