-I: Adding /Users/harish/miniconda3/envs/polymer_md/dat/leap/prep to search path.
-I: Adding /Users/harish/miniconda3/envs/polymer_md/dat/leap/lib to search path.
-I: Adding /Users/harish/miniconda3/envs/polymer_md/dat/leap/parm to search path.
-I: Adding /Users/harish/miniconda3/envs/polymer_md/dat/leap/cmd to search path.
-s: Ignoring all leaprc startup files.
-f: Source /Users/harish/Documents/Work_folder/MetaChem-workshops/polymermd-workshop/Day3-gen-polymer-solved/polymers/PEO25_PET25_block/tleap.in.

Welcome to LEaP!
Sourcing: /Users/harish/Documents/Work_folder/MetaChem-workshops/polymermd-workshop/Day3-gen-polymer-solved/polymers/PEO25_PET25_block/tleap.in
----- Source: /Users/harish/miniconda3/envs/polymer_md/dat/leap/cmd/leaprc.gaff2
----- Source of /Users/harish/miniconda3/envs/polymer_md/dat/leap/cmd/leaprc.gaff2 done
Log file: ./leap.log
Loading parameters: /Users/harish/miniconda3/envs/polymer_md/dat/leap/parm/gaff2.dat
Reading title:
AMBER General Force Field for organic molecules (Version 2.2.20, March 2021)
Loading Prep file: /Users/harish/Documents/Work_folder/MetaChem-workshops/polymermd-workshop/Day3-gen-polymer-solved/monomers/PEO/HPT.prepi
Loading Prep file: /Users/harish/Documents/Work_folder/MetaChem-workshops/polymermd-workshop/Day3-gen-polymer-solved/monomers/PEO/PEO.prepi
Loading Prep file: /Users/harish/Documents/Work_folder/MetaChem-workshops/polymermd-workshop/Day3-gen-polymer-solved/monomers/PET/PET.prepi
Loading Prep file: /Users/harish/Documents/Work_folder/MetaChem-workshops/polymermd-workshop/Day3-gen-polymer-solved/monomers/PET/TPT.prepi
Writing pdb file: /Users/harish/Documents/Work_folder/MetaChem-workshops/polymermd-workshop/Day3-gen-polymer-solved/polymers/PEO25_PET25_block/polymer_50mer.pdb
Checking Unit.
Building topology.
Building atom parameters.
Building bond parameters.
Building angle parameters.
Building proper torsion parameters.
Building improper torsion parameters.
old PREP-specified impropers:
 <PET 6>:  C4   O1   C8   O2  
 <PET 6>:  C8   C5   C4   C3  
 <PET 6>:  C6   C4   C5   H3  
 <PET 6>:  C5   C1   C6   H4  
 <PET 6>:  C2   C4   C3   H2  
 <PET 6>:  C3   C1   C2   H1  
 <PET 6>:  C7   C6   C1   C2  
 <PET 6>:  C1   O3   C7   O4  
 <PET 7>:  C4   O1   C8   O2  
 <PET 7>:  C8   C5   C4   C3  
 <PET 7>:  C6   C4   C5   H3  
 <PET 7>:  C5   C1   C6   H4  
 <PET 7>:  C2   C4   C3   H2  
 <PET 7>:  C3   C1   C2   H1  
 <PET 7>:  C7   C6   C1   C2  
 <PET 7>:  C1   O3   C7   O4  
 <PET 8>:  C4   O1   C8   O2  
 <PET 8>:  C8   C5   C4   C3  
 <PET 8>:  C6   C4   C5   H3  
 <PET 8>:  C5   C1   C6   H4  
 <PET 8>:  C2   C4   C3   H2  
 <PET 8>:  C3   C1   C2   H1  
 <PET 8>:  C7   C6   C1   C2  
 <PET 8>:  C1   O3   C7   O4  
 <PET 9>:  C4   O1   C8   O2  
 <PET 9>:  C8   C5   C4   C3  
 <PET 9>:  C6   C4   C5   H3  
 <PET 9>:  C5   C1   C6   H4  
 <PET 9>:  C2   C4   C3   H2  
 <PET 9>:  C3   C1   C2   H1  
 <PET 9>:  C7   C6   C1   C2  
 <PET 9>:  C1   O3   C7   O4  
 <PET 10>:  C4   O1   C8   O2  
 <PET 10>:  C8   C5   C4   C3  
 <PET 10>:  C6   C4   C5   H3  
 <PET 10>:  C5   C1   C6   H4  
 <PET 10>:  C2   C4   C3   H2  
 <PET 10>:  C3   C1   C2   H1  
 <PET 10>:  C7   C6   C1   C2  
 <PET 10>:  C1   O3   C7   O4  
 <PET 11>:  C4   O1   C8   O2  
 <PET 11>:  C8   C5   C4   C3  
 <PET 11>:  C6   C4   C5   H3  
 <PET 11>:  C5   C1   C6   H4  
 <PET 11>:  C2   C4   C3   H2  
 <PET 11>:  C3   C1   C2   H1  
 <PET 11>:  C7   C6   C1   C2  
 <PET 11>:  C1   O3   C7   O4  
 <PET 12>:  C4   O1   C8   O2  
 <PET 12>:  C8   C5   C4   C3  
 <PET 12>:  C6   C4   C5   H3  
 <PET 12>:  C5   C1   C6   H4  
 <PET 12>:  C2   C4   C3   H2  
 <PET 12>:  C3   C1   C2   H1  
 <PET 12>:  C7   C6   C1   C2  
 <PET 12>:  C1   O3   C7   O4  
 <PET 13>:  C4   O1   C8   O2  
 <PET 13>:  C8   C5   C4   C3  
 <PET 13>:  C6   C4   C5   H3  
 <PET 13>:  C5   C1   C6   H4  
 <PET 13>:  C2   C4   C3   H2  
 <PET 13>:  C3   C1   C2   H1  
 <PET 13>:  C7   C6   C1   C2  
 <PET 13>:  C1   O3   C7   O4  
 <PET 14>:  C4   O1   C8   O2  
 <PET 14>:  C8   C5   C4   C3  
 <PET 14>:  C6   C4   C5   H3  
 <PET 14>:  C5   C1   C6   H4  
 <PET 14>:  C2   C4   C3   H2  
 <PET 14>:  C3   C1   C2   H1  
 <PET 14>:  C7   C6   C1   C2  
 <PET 14>:  C1   O3   C7   O4  
 <PET 15>:  C4   O1   C8   O2  
 <PET 15>:  C8   C5   C4   C3  
 <PET 15>:  C6   C4   C5   H3  
 <PET 15>:  C5   C1   C6   H4  
 <PET 15>:  C2   C4   C3   H2  
 <PET 15>:  C3   C1   C2   H1  
 <PET 15>:  C7   C6   C1   C2  
 <PET 15>:  C1   O3   C7   O4  
 <PET 16>:  C4   O1   C8   O2  
 <PET 16>:  C8   C5   C4   C3  
 <PET 16>:  C6   C4   C5   H3  
 <PET 16>:  C5   C1   C6   H4  
 <PET 16>:  C2   C4   C3   H2  
 <PET 16>:  C3   C1   C2   H1  
 <PET 16>:  C7   C6   C1   C2  
 <PET 16>:  C1   O3   C7   O4  
 <PET 17>:  C4   O1   C8   O2  
 <PET 17>:  C8   C5   C4   C3  
 <PET 17>:  C6   C4   C5   H3  
 <PET 17>:  C5   C1   C6   H4  
 <PET 17>:  C2   C4   C3   H2  
 <PET 17>:  C3   C1   C2   H1  
 <PET 17>:  C7   C6   C1   C2  
 <PET 17>:  C1   O3   C7   O4  
 <PET 18>:  C4   O1   C8   O2  
 <PET 18>:  C8   C5   C4   C3  
 <PET 18>:  C6   C4   C5   H3  
 <PET 18>:  C5   C1   C6   H4  
 <PET 18>:  C2   C4   C3   H2  
 <PET 18>:  C3   C1   C2   H1  
 <PET 18>:  C7   C6   C1   C2  
 <PET 18>:  C1   O3   C7   O4  
 <PET 19>:  C4   O1   C8   O2  
 <PET 19>:  C8   C5   C4   C3  
 <PET 19>:  C6   C4   C5   H3  
 <PET 19>:  C5   C1   C6   H4  
 <PET 19>:  C2   C4   C3   H2  
 <PET 19>:  C3   C1   C2   H1  
 <PET 19>:  C7   C6   C1   C2  
 <PET 19>:  C1   O3   C7   O4  
 <PET 20>:  C4   O1   C8   O2  
 <PET 20>:  C8   C5   C4   C3  
 <PET 20>:  C6   C4   C5   H3  
 <PET 20>:  C5   C1   C6   H4  
 <PET 20>:  C2   C4   C3   H2  
 <PET 20>:  C3   C1   C2   H1  
 <PET 20>:  C7   C6   C1   C2  
 <PET 20>:  C1   O3   C7   O4  
 <PET 21>:  C4   O1   C8   O2  
 <PET 21>:  C8   C5   C4   C3  
 <PET 21>:  C6   C4   C5   H3  
 <PET 21>:  C5   C1   C6   H4  
 <PET 21>:  C2   C4   C3   H2  
 <PET 21>:  C3   C1   C2   H1  
 <PET 21>:  C7   C6   C1   C2  
 <PET 21>:  C1   O3   C7   O4  
 <PET 22>:  C4   O1   C8   O2  
 <PET 22>:  C8   C5   C4   C3  
 <PET 22>:  C6   C4   C5   H3  
 <PET 22>:  C5   C1   C6   H4  
 <PET 22>:  C2   C4   C3   H2  
 <PET 22>:  C3   C1   C2   H1  
 <PET 22>:  C7   C6   C1   C2  
 <PET 22>:  C1   O3   C7   O4  
 <PET 23>:  C4   O1   C8   O2  
 <PET 23>:  C8   C5   C4   C3  
 <PET 23>:  C6   C4   C5   H3  
 <PET 23>:  C5   C1   C6   H4  
 <PET 23>:  C2   C4   C3   H2  
 <PET 23>:  C3   C1   C2   H1  
 <PET 23>:  C7   C6   C1   C2  
 <PET 23>:  C1   O3   C7   O4  
 <PET 24>:  C4   O1   C8   O2  
 <PET 24>:  C8   C5   C4   C3  
 <PET 24>:  C6   C4   C5   H3  
 <PET 24>:  C5   C1   C6   H4  
 <PET 24>:  C2   C4   C3   H2  
 <PET 24>:  C3   C1   C2   H1  
 <PET 24>:  C7   C6   C1   C2  
 <PET 24>:  C1   O3   C7   O4  
 <PET 25>:  C4   O1   C8   O2  
 <PET 25>:  C8   C5   C4   C3  
 <PET 25>:  C6   C4   C5   H3  
 <PET 25>:  C5   C1   C6   H4  
 <PET 25>:  C2   C4   C3   H2  
 <PET 25>:  C3   C1   C2   H1  
 <PET 25>:  C7   C6   C1   C2  
 <PET 25>:  C1   O3   C7   O4  
 <PET 26>:  C4   O1   C8   O2  
 <PET 26>:  C8   C5   C4   C3  
 <PET 26>:  C6   C4   C5   H3  
 <PET 26>:  C5   C1   C6   H4  
 <PET 26>:  C2   C4   C3   H2  
 <PET 26>:  C3   C1   C2   H1  
 <PET 26>:  C7   C6   C1   C2  
 <PET 26>:  C1   O3   C7   O4  
 <PET 27>:  C4   O1   C8   O2  
 <PET 27>:  C8   C5   C4   C3  
 <PET 27>:  C6   C4   C5   H3  
 <PET 27>:  C5   C1   C6   H4  
 <PET 27>:  C2   C4   C3   H2  
 <PET 27>:  C3   C1   C2   H1  
 <PET 27>:  C7   C6   C1   C2  
 <PET 27>:  C1   O3   C7   O4  
 <PET 28>:  C4   O1   C8   O2  
 <PET 28>:  C8   C5   C4   C3  
 <PET 28>:  C6   C4   C5   H3  
 <PET 28>:  C5   C1   C6   H4  
 <PET 28>:  C2   C4   C3   H2  
 <PET 28>:  C3   C1   C2   H1  
 <PET 28>:  C7   C6   C1   C2  
 <PET 28>:  C1   O3   C7   O4  
 <PET 29>:  C4   O1   C8   O2  
 <PET 29>:  C8   C5   C4   C3  
 <PET 29>:  C6   C4   C5   H3  
 <PET 29>:  C5   C1   C6   H4  
 <PET 29>:  C2   C4   C3   H2  
 <PET 29>:  C3   C1   C2   H1  
 <PET 29>:  C7   C6   C1   C2  
 <PET 29>:  C1   O3   C7   O4  
 <PET 30>:  C4   O1   C8   O2  
 <PET 30>:  C8   C5   C4   C3  
 <PET 30>:  C6   C4   C5   H3  
 <PET 30>:  C5   C1   C6   H4  
 <PET 30>:  C2   C4   C3   H2  
 <PET 30>:  C3   C1   C2   H1  
 <PET 30>:  C7   C6   C1   C2  
 <PET 30>:  C1   O3   C7   O4  
 total 150 improper torsions applied
 200 improper torsions in old prep form
Building H-Bond parameters.
Incorporating Non-Bonded adjustments.
Not Marking per-residue atom chain types.
Marking per-residue atom chain types.
 (no restraints)
	Quit

Exiting LEaP: Errors = 0; Warnings = 0; Notes = 0.
