            --------------------------------------------------------
                             AMBER SQM VERSION 19
 
                                     By
              Ross C. Walker, Michael F. Crowley, Scott Brozell,
                         Tim Giese, Andreas W. Goetz,
                        Tai-Sung Lee and David A. Case
 
            --------------------------------------------------------
 

--------------------------------------------------------------------------------
  QM CALCULATION INFO
--------------------------------------------------------------------------------

| QMMM: Citation for AMBER QMMM Run:
| QMMM: R.C. Walker, M.F. Crowley and D.A. Case, J. COMP. CHEM. 29:1019, 2008

QMMM: SINGLET STATE CALCULATION
QMMM: RHF CALCULATION, NO. OF DOUBLY OCCUPIED LEVELS = 43

| QMMM: *** Selected Hamiltonian *** 
| QMMM: AM1         

| QMMM: *** Parameter sets in use ***
| QMMM: C : M.J.S.DEWAR et al. JACS, 107, 3902, (1985)
| QMMM: O : M.J.S.DEWAR et al. JACS, 107, 3902, (1985)
| QMMM: H : M.J.S.DEWAR et al. JACS, 107, 3902, (1985)

| QMMM: *** SCF convergence criteria ***
| QMMM: Energy change                :  0.1D-09 kcal/mol
| QMMM: Error matrix |FP-PF|         :  0.1D+00 au
| QMMM: Density matrix change        :  0.5D-06
| QMMM: Maximum number of SCF cycles :     1000

| QMMM: *** Diagonalization Routine Information ***
| QMMM: Pseudo diagonalizations are allowed.
| QMMM: Auto diagonalization routine selection is in use.
| QMMM:
| QMMM: Timing diagonalization routines:
| QMMM:                              norbs =       78
| QMMM:    diag iterations used for timing =       15
| QMMM:
| QMMM:              Internal diag routine = 0.008952 seconds
| QMMM:                 Dspev diag routine = 0.014282 seconds
| QMMM:                Dspevd diag routine = 0.012358 seconds
| QMMM:                Dspevx diag routine = 0.036320 seconds
| QMMM:                 Dsyev diag routine = 0.006363 seconds
| QMMM:                Dsyevd diag routine = 0.006459 seconds
| QMMM:                Dsyevr diag routine = 0.006683 seconds
| QMMM:
| QMMM:                Pseudo diag routine = 0.002938 seconds
| QMMM:
| QMMM: Using dsyev routine (diag_routine=5).

  QMMM: QM Region Cartesian Coordinates (*=link atom) 
  QMMM: QM_NO.   MM_NO.  ATOM         X         Y         Z
  QMMM:     1        1      C       -1.2820   -0.1360   -0.0140
  QMMM:     2        2      C       -0.6810    1.1290    0.0710
  QMMM:     3        3      C        0.7130    1.2480    0.0820
  QMMM:     4        4      C        1.5180    0.1020    0.0110
  QMMM:     5        5      C        0.9130   -1.1620   -0.0460
  QMMM:     6        6      C       -0.4750   -1.2800   -0.0590
  QMMM:     7        7      C       -2.7650   -0.2300   -0.0730
  QMMM:     8        8      C        3.0020    0.2530   -0.0220
  QMMM:     9        9      O        3.5820    1.3190    0.0350
  QMMM:    10       10      O        3.5680   -0.9710   -0.1480
  QMMM:    11       11      C        4.9910   -0.9690   -0.2300
  QMMM:    12       12      O       -3.5100    0.7290   -0.0280
  QMMM:    13       13      O       -3.1290   -1.5300   -0.1880
  QMMM:    14       14      C       -4.5340   -1.7990   -0.2520
  QMMM:    15       15      C       -5.1580   -1.7840    1.1400
  QMMM:    16       16      C       -4.5300   -2.8190    2.0620
  QMMM:    17       17      H       -1.2980    2.0260    0.1170
  QMMM:    18       18      H        1.1680    2.2360    0.1340
  QMMM:    19       19      H        1.5100   -2.0690   -0.0940
  QMMM:    20       20      H       -0.9090   -2.2750   -0.1150
  QMMM:    21       21      H        5.3190   -2.0070   -0.3250
  QMMM:    22       22      H        5.4250   -0.5480    0.6820
  QMMM:    23       23      H        5.3210   -0.4180   -1.1150
  QMMM:    24       24      H       -4.6450   -2.7930   -0.6990
  QMMM:    25       25      H       -5.0290   -1.0890   -0.9240
  QMMM:    26       26      H       -6.2330   -1.9750    1.0550
  QMMM:    27       27      H       -5.0340   -0.7960    1.5970
  QMMM:    28       28      H       -4.6390   -3.8270    1.6500
  QMMM:    29       29      H       -5.0180   -2.7970    3.0420
  QMMM:    30       30      H       -3.4630   -2.6240    2.2140

--------------------------------------------------------------------------------
  RESULTS
--------------------------------------------------------------------------------

      iter         sqm energy              rms gradient
      ----    -------------------    -----------------------
xmin    10     -155.2365 kcal/mol        0.3659 kcal/(mol*A)
xmin    20     -155.3509 kcal/mol        0.3865 kcal/(mol*A)
xmin    30     -155.4000 kcal/mol        0.1252 kcal/(mol*A)
xmin    40     -155.4048 kcal/mol        0.0219 kcal/(mol*A)
xmin    50     -155.4065 kcal/mol        0.0433 kcal/(mol*A)
xmin    60     -155.4068 kcal/mol        0.0058 kcal/(mol*A)
xmin    70     -155.4069 kcal/mol        0.0145 kcal/(mol*A)
xmin    80     -155.4069 kcal/mol        0.0103 kcal/(mol*A)
xmin    90     -155.4070 kcal/mol        0.0044 kcal/(mol*A)
xmin   100     -155.4070 kcal/mol        0.0064 kcal/(mol*A)
xmin   110     -155.4070 kcal/mol        0.0036 kcal/(mol*A)
xmin   120     -155.4070 kcal/mol        0.0045 kcal/(mol*A)
xmin   130     -155.4070 kcal/mol        0.0019 kcal/(mol*A)
  ... geometry converged !
 
 Final MO eigenvalues (eV):
 -41.4708  -40.9808  -39.4502  -37.3127  -37.0864  -34.4758  -33.1148  -32.0991
 -28.8288  -27.7722  -26.0043  -23.9740  -23.3866  -22.1157  -21.1137  -19.2513
 -18.5239  -18.2832  -17.7609  -17.2084  -16.9578  -16.1835  -15.8873  -15.7380
 -15.0718  -14.9156  -14.7235  -14.4219  -14.1315  -13.8788  -13.5721  -13.4891
 -13.1735  -12.8166  -12.4741  -12.1708  -11.8755  -11.6747  -11.6233  -11.5077
 -11.2896  -10.4229  -10.2908   -1.0369   -0.0434    0.8725    1.6592    1.7493
   1.8137    2.4973    3.2168    3.2892    3.4755    3.5697    3.6813    3.8088
   3.8450    3.9306    3.9523    4.0221    4.1059    4.2181    4.2271    4.2846
   4.4588    4.5519    4.6315    4.7296    4.8177    4.8761    4.9006    4.9728
   5.0500    5.3005    5.3288    5.4040    6.5897    6.6519

 Heat of formation   =       -155.40703210 kcal/mol  (       -6.73895460 eV)

 Total SCF energy    =     -69445.01350285 kcal/mol  (    -3011.36175807 eV)
 Electronic energy   =    -380983.96374914 kcal/mol  (   -16520.70438182 eV)
 Core-core repulsion =     311538.95024630 kcal/mol  (    13509.34262375 eV)
 
    Atomic Charges for Step       1 :
  Atom    Element       Mulliken Charge
     1      C                 -0.082
     2      C                 -0.091
     3      C                 -0.091
     4      C                 -0.082
     5      C                 -0.090
     6      C                 -0.090
     7      C                  0.343
     8      C                  0.341
     9      O                 -0.346
    10      O                 -0.276
    11      C                 -0.062
    12      O                 -0.349
    13      O                 -0.276
    14      C                 -0.010
    15      C                 -0.189
    16      C                 -0.211
    17      H                  0.165
    18      H                  0.165
    19      H                  0.161
    20      H                  0.162
    21      H                  0.103
    22      H                  0.087
    23      H                  0.087
    24      H                  0.107
    25      H                  0.102
    26      H                  0.091
    27      H                  0.103
    28      H                  0.071
    29      H                  0.076
    30      H                  0.081
 Total Mulliken Charge =       0.000
 
                  X        Y        Z     TOTAL  
  QM DIPOLE     0.094   -2.799   -0.039    2.800
 
 Final Structure

  QMMM: QM Region Cartesian Coordinates (*=link atom) 
  QMMM: QM_NO.   MM_NO.  ATOM         X         Y         Z
  QMMM:     1        1      C       -1.2357   -0.2031   -0.0830
  QMMM:     2        2      C       -0.6553    1.0705   -0.0087
  QMMM:     3        3      C        0.7310    1.2012   -0.0029
  QMMM:     4        4      C        1.5397    0.0585   -0.0715
  QMMM:     5        5      C        0.9598   -1.2128   -0.1459
  QMMM:     6        6      C       -0.4280   -1.3435   -0.1515
  QMMM:     7        7      C       -2.7059   -0.3029   -0.0865
  QMMM:     8        8      C        3.0009    0.2343   -0.0632
  QMMM:     9        9      O        3.6365    1.2905   -0.0010
  QMMM:    10       10      O        3.7105   -0.9360   -0.1341
  QMMM:    11       11      C        5.1346   -0.8170   -0.1293
  QMMM:    12       12      O       -3.5200    0.6234   -0.0319
  QMMM:    13       13      O       -3.1774   -1.5848   -0.1699
  QMMM:    14       14      C       -4.6012   -1.7706   -0.1783
  QMMM:    15       15      C       -5.1765   -1.7210    1.2239
  QMMM:    16       16      C       -4.7368   -2.8916    2.0628
  QMMM:    17       17      H       -1.3041    1.9605    0.0446
  QMMM:    18       18      H        1.2016    2.1968    0.0552
  QMMM:    19       19      H        1.6033   -2.1059   -0.1997
  QMMM:    20       20      H       -0.8930   -2.3409   -0.2100
  QMMM:    21       21      H        5.4856   -1.8763   -0.1934
  QMMM:    22       22      H        5.4723   -0.3285    0.8162
  QMMM:    23       23      H        5.4694   -0.2189   -1.0105
  QMMM:    24       24      H       -4.7122   -2.7912   -0.6343
  QMMM:    25       25      H       -5.0798   -0.9937   -0.8300
  QMMM:    26       26      H       -6.2953   -1.7085    1.1422
  QMMM:    27       27      H       -4.8614   -0.7595    1.7100
  QMMM:    28       28      H       -5.1154   -3.8507    1.6334
  QMMM:    29       29      H       -5.1278   -2.7916    3.1038
  QMMM:    30       30      H       -3.6215   -2.9426    2.1036

           --------- Calculation Completed ----------

