            --------------------------------------------------------
                             AMBER SQM VERSION 19
 
                                     By
              Ross C. Walker, Michael F. Crowley, Scott Brozell,
                         Tim Giese, Andreas W. Goetz,
                        Tai-Sung Lee and David A. Case
 
            --------------------------------------------------------
 

--------------------------------------------------------------------------------
  QM CALCULATION INFO
--------------------------------------------------------------------------------

| QMMM: Citation for AMBER QMMM Run:
| QMMM: R.C. Walker, M.F. Crowley and D.A. Case, J. COMP. CHEM. 29:1019, 2008

QMMM: SINGLET STATE CALCULATION
QMMM: RHF CALCULATION, NO. OF DOUBLY OCCUPIED LEVELS = 52

| QMMM: *** Selected Hamiltonian *** 
| QMMM: AM1         

| QMMM: *** Parameter sets in use ***
| QMMM: C : M.J.S.DEWAR et al. JACS, 107, 3902, (1985)
| QMMM: O : M.J.S.DEWAR et al. JACS, 107, 3902, (1985)
| QMMM: H : M.J.S.DEWAR et al. JACS, 107, 3902, (1985)

| QMMM: *** SCF convergence criteria ***
| QMMM: Energy change                :  0.1D-09 kcal/mol
| QMMM: Error matrix |FP-PF|         :  0.1D+00 au
| QMMM: Density matrix change        :  0.5D-06
| QMMM: Maximum number of SCF cycles :     1000

| QMMM: *** Diagonalization Routine Information ***
| QMMM: Pseudo diagonalizations are allowed.
| QMMM: Auto diagonalization routine selection is in use.
| QMMM:
| QMMM: Timing diagonalization routines:
| QMMM:                              norbs =       94
| QMMM:    diag iterations used for timing =       15
| QMMM:
| QMMM:              Internal diag routine = 0.016319 seconds
| QMMM:                 Dspev diag routine = 0.024507 seconds
| QMMM:                Dspevd diag routine = 0.021628 seconds
| QMMM:                Dspevx diag routine = 0.063439 seconds
| QMMM:                 Dsyev diag routine = 0.011299 seconds
| QMMM:                Dsyevd diag routine = 0.014023 seconds
| QMMM:                Dsyevr diag routine = 0.012126 seconds
| QMMM:
| QMMM:                Pseudo diag routine = 0.006131 seconds
| QMMM:
| QMMM: Using dsyev routine (diag_routine=5).

  QMMM: QM Region Cartesian Coordinates (*=link atom) 
  QMMM: QM_NO.   MM_NO.  ATOM         X         Y         Z
  QMMM:     1        1      C        1.0550    0.0570   -0.0200
  QMMM:     2        2      C        2.5690    0.0180   -0.0180
  QMMM:     3        3      O        3.0540    1.3590   -0.0030
  QMMM:     4        4      C        4.4800    1.3920    0.0010
  QMMM:     5        5      C        4.9530    2.8390    0.0190
  QMMM:     6        6      O        6.3790    2.8590    0.0230
  QMMM:     7        7      C        6.8770    4.1940    0.0390
  QMMM:     8        8      C        8.3980    4.1580    0.0420
  QMMM:     9        9      O        8.8930    5.4940    0.0600
  QMMM:    10       10      C       10.3180    5.5150    0.0620
  QMMM:    11       11      C       10.7910    6.9620    0.0790
  QMMM:    12       12      O       12.2160    6.9850    0.0820
  QMMM:    13       13      C       12.7100    8.3220    0.0990
  QMMM:    14       14      C       14.2310    8.2860    0.0990
  QMMM:    15       15      O       14.7370    9.6190    0.1170
  QMMM:    16       16      C       16.1630    9.6320    0.1180
  QMMM:    17       17      C       16.6310   11.0720    0.1360
  QMMM:    18       18      H        0.6400   -0.9550   -0.0310
  QMMM:    19       19      H        0.6840    0.6010   -0.8950
  QMMM:    20       20      H        0.6810    0.5830    0.8640
  QMMM:    21       21      H        2.9310   -0.4950   -0.9150
  QMMM:    22       22      H        2.9270   -0.5130    0.8700
  QMMM:    23       23      H        4.8720    0.8850   -0.8890
  QMMM:    24       24      H        4.8670    0.8660    0.8820
  QMMM:    25       25      H        4.5660    3.3480    0.9100
  QMMM:    26       26      H        4.5710    3.3680   -0.8630
  QMMM:    27       27      H        6.5160    4.7210    0.9320
  QMMM:    28       28      H        6.5190    4.7420   -0.8410
  QMMM:    29       29      H        8.7590    3.6330   -0.8510
  QMMM:    30       30      H        8.7570    3.6090    0.9210
  QMMM:    31       31      H       10.7060    5.0070   -0.8290
  QMMM:    32       32      H       10.7030    4.9870    0.9430
  QMMM:    33       33      H       10.4030    7.4700    0.9710
  QMMM:    34       34      H       10.4060    7.4890   -0.8010
  QMMM:    35       35      H       12.3490    8.8470    0.9910
  QMMM:    36       36      H       12.3500    8.8700   -0.7810
  QMMM:    37       37      H       14.5900    7.7590   -0.7930
  QMMM:    38       38      H       14.5890    7.7360    0.9780
  QMMM:    39       39      H       16.5370    9.1300   -0.7810
  QMMM:    40       40      H       16.5360    9.1070    1.0040
  QMMM:    41       41      H       16.2510   11.6130   -0.7350
  QMMM:    42       42      H       17.7240   11.1260    0.1380
  QMMM:    43       43      H       16.2500   11.5890    1.0240

--------------------------------------------------------------------------------
  RESULTS
--------------------------------------------------------------------------------

      iter         sqm energy              rms gradient
      ----    -------------------    -----------------------
xmin    10     -249.5411 kcal/mol        0.0078 kcal/(mol*A)
xmin    20     -249.5414 kcal/mol        0.0033 kcal/(mol*A)
xmin    30     -249.5415 kcal/mol        0.0012 kcal/(mol*A)
xmin    40     -249.5415 kcal/mol        0.0012 kcal/(mol*A)
xmin    40     -249.5415 kcal/mol        0.0005 kcal/(mol*A)
  ... geometry converged !
 
 Final MO eigenvalues (eV):
 -39.8437  -39.5242  -39.0704  -38.5203  -38.0256  -33.0071  -32.6746  -31.6792
 -30.3807  -29.0447  -27.9651  -23.7929  -23.6308  -23.4473  -23.2586  -23.0882
 -23.0504  -18.4611  -18.0552  -17.8996  -17.5836  -17.3583  -17.1275  -16.6581
 -16.5395  -16.4845  -15.9093  -15.8705  -15.6949  -15.0137  -14.8097  -14.2851
 -14.2268  -13.8528  -13.5745  -13.2563  -13.1776  -12.9238  -12.5199  -12.4849
 -12.3915  -12.1966  -12.1692  -12.0195  -12.0162  -11.9945  -11.8492  -10.7807
 -10.6540  -10.5644  -10.4904  -10.4820    1.9106    2.4094    3.0085    3.5813
   3.7768    3.8111    3.8377    3.8547    3.9068    3.9100    3.9123    3.9346
   4.0294    4.0533    4.0974    4.1233    4.1418    4.1615    4.1742    4.2062
   4.2232    4.2730    4.2901    4.3811    4.4729    4.5473    4.5844    4.6229
   4.6858    4.6915    4.7114    4.7426    4.7736    4.8510    4.8519    4.9989
   4.9991    6.0269    6.0721    6.0805    6.1654    6.1670

 Heat of formation   =       -249.54149470 kcal/mol  (      -10.82093121 eV)

 Total SCF energy    =     -80667.25803273 kcal/mol  (    -3497.99479783 eV)
 Electronic energy   =    -452946.19533257 kcal/mol  (   -19641.22090684 eV)
 Core-core repulsion =     372278.93729984 kcal/mol  (    16143.22610901 eV)
 
    Atomic Charges for Step       1 :
  Atom    Element       Mulliken Charge
     1      C                 -0.215
     2      C                 -0.018
     3      O                 -0.285
     4      C                 -0.023
     5      C                 -0.020
     6      O                 -0.287
     7      C                 -0.020
     8      C                 -0.021
     9      O                 -0.286
    10      C                 -0.021
    11      C                 -0.020
    12      O                 -0.287
    13      C                 -0.020
    14      C                 -0.023
    15      O                 -0.285
    16      C                 -0.018
    17      C                 -0.215
    18      H                  0.080
    19      H                  0.087
    20      H                  0.087
    21      H                  0.065
    22      H                  0.065
    23      H                  0.079
    24      H                  0.079
    25      H                  0.082
    26      H                  0.082
    27      H                  0.082
    28      H                  0.082
    29      H                  0.081
    30      H                  0.081
    31      H                  0.081
    32      H                  0.081
    33      H                  0.082
    34      H                  0.082
    35      H                  0.082
    36      H                  0.082
    37      H                  0.079
    38      H                  0.079
    39      H                  0.065
    40      H                  0.065
    41      H                  0.087
    42      H                  0.080
    43      H                  0.087
 Total Mulliken Charge =       0.000
 
                  X        Y        Z     TOTAL  
  QM DIPOLE     0.716   -1.013   -0.010    1.241
 
 Final Structure

  QMMM: QM Region Cartesian Coordinates (*=link atom) 
  QMMM: QM_NO.   MM_NO.  ATOM         X         Y         Z
  QMMM:     1        1      C        1.1453    0.1576   -0.0197
  QMMM:     2        2      C        2.6523    0.0514   -0.0169
  QMMM:     3        3      O        3.1597    1.3859   -0.0010
  QMMM:     4        4      C        4.5841    1.4156    0.0032
  QMMM:     5        5      C        4.9675    2.8924    0.0203
  QMMM:     6        6      O        6.3938    2.9208    0.0241
  QMMM:     7        7      C        6.8955    4.2557    0.0397
  QMMM:     8        8      C        8.4158    4.1241    0.0417
  QMMM:     9        9      O        8.9177    5.4591    0.0577
  QMMM:    10       10      C       10.3437    5.4874    0.0609
  QMMM:    11       11      C       10.7264    6.9645    0.0786
  QMMM:    12       12      O       12.1522    6.9926    0.0810
  QMMM:    13       13      C       12.6543    8.3278    0.0975
  QMMM:    14       14      C       14.1746    8.1971    0.0982
  QMMM:    15       15      O       14.6773    9.5302    0.1150
  QMMM:    16       16      C       16.1046    9.5637    0.1179
  QMMM:    17       17      C       16.5068   11.0199    0.1364
  QMMM:    18       18      H        0.7033   -0.8667   -0.0320
  QMMM:    19       19      H        0.7962    0.7186   -0.9192
  QMMM:    20       20      H        0.7914    0.6991    0.8898
  QMMM:    21       21      H        3.0230   -0.4782   -0.9352
  QMMM:    22       22      H        3.0181   -0.4981    0.8916
  QMMM:    23       23      H        4.9845    0.9126   -0.9156
  QMMM:    24       24      H        4.9795    0.8928    0.9131
  QMMM:    25       25      H        4.5695    3.3958    0.9396
  QMMM:    26       26      H        4.5739    3.4158   -0.8898
  QMMM:    27       27      H        6.5416    4.7903    0.9595
  QMMM:    28       28      H        6.5457    4.8102   -0.8699
  QMMM:    29       29      H        8.7698    3.5899   -0.8783
  QMMM:    30       30      H        8.7657    3.5696    0.9512
  QMMM:    31       31      H       10.7416    4.9846   -0.8589
  QMMM:    32       32      H       10.7379    4.9637    0.9706
  QMMM:    33       33      H       10.3288    7.4671    0.9986
  QMMM:    34       34      H       10.3316    7.4883   -0.8308
  QMMM:    35       35      H       12.3009    8.8612    1.0182
  QMMM:    36       36      H       12.3035    8.8829   -0.8112
  QMMM:    37       37      H       14.5270    7.6622   -0.8222
  QMMM:    38       38      H       14.5243    7.6400    1.0064
  QMMM:    39       39      H       16.4923    9.0479   -0.8013
  QMMM:    40       40      H       16.4891    9.0256    1.0255
  QMMM:    41       41      H       16.1056   11.5460   -0.7624
  QMMM:    42       42      H       17.6199   11.0952    0.1393
  QMMM:    43       43      H       16.1025   11.5239    1.0466

           --------- Calculation Completed ----------

